// Jest Snapshot v1, https://goo.gl/fbAQLP

exports[`Test for Recipe should render component 1`] = `
<div
  className="row"
>
  <div
    className="col s12 m6 l5 push-m1 push-l1 text-flex"
  >
    <div
      className="card right card-width"
    >
      <div
        className="card-image"
      >
        <img
          alt="Recipe"
          className="materialboxed responsive-img pic-style"
          src="/images/noimg.png"
        />
      </div>
      <div
        className="card-action card-buttons"
      >
        <div
          className="row reduce-row"
        >
          <div
            className="col s4 m4 l2 push-l1"
          >
            <button
              className="icon-button "
              data-place="bottom"
              data-tip="like"
              onClick={[MockFunction]}
            >
              <i
                className="material-icons icon-color right-align"
              >
                thumb_up
              </i>
            </button>
            <p
              className="votes"
            >
               
              0
               
            </p>
          </div>
          <div
            className="col s4 m4 l2 push-l2"
          >
            <button
              className="icon-button"
              data-place="bottom"
              data-tip="dislike"
              onClick={[MockFunction]}
            >
              <i
                className="material-icons icon-color down right-align"
              >
                thumb_down
              </i>
            </button>
            <p
              className="votes down-text"
            >
               
              0
               
            </p>
          </div>
          <div
            className="col s4 m4 l2 push-l4 right-align"
          >
            <button
              className="icon-button"
              data-place="bottom"
              data-tip="favorite"
              onClick={[MockFunction]}
            >
              <i
                className="material-icons small icon-color favorite"
              >
                star
              </i>
            </button>
          </div>
          <ReactTooltip
            insecure={true}
            resizeHide={true}
            wrapper="div"
          />
        </div>
      </div>
    </div>
  </div>
  <div
    className="col s12 m5 l6 push-m1 push-l1 text-flex2"
  >
    <div
      className="row"
    >
      <div
        className="col s12"
      >
        <h5
          className="title-details break name col s10 l10 text-headers remove-margin-bottom"
        >
          some thing
        </h5>
      </div>
      <div
        className="col s12 "
      >
        <p
          className="title-details top-style"
        >
           Posted by
          <span
            className="user grey-text darken-3"
          >
             undefined undefined
          </span>
        </p>
      </div>
      <div
        className="row margin-down"
      >
        <i
          className="col s6 m3 l1 material-icons small icon-color views"
        >
          visibility
        </i>
        <p
          className="col s6 m3 l3 votes2"
        >
           
           views
        </p>
      </div>
      <div
        className="col s12"
      >
        <p
          className="title-details"
          id="desc"
        >
          Try out this recipe
        </p>
      </div>
      <div
        className="col s12"
      >
        <p
          className="remove-margin-bottom"
        >
          Like this Recipe? Add to your favourites
        </p>
         
        <br />
      </div>
      <div
        className="col s12"
      >
        <a
          className="scrollspy text-color remove-margin-bottom"
          href="#rev"
        >
          Reviews
        </a>
      </div>
    </div>
  </div>
</div>
`;
